Running Gradle task 'assembleDebug'...                          
flutter : ../../../../AppDa
ta/Local/Pub/Cache/hosted/p
ub.dev/record_linux-0.7.2/l
ib/record_linux.dart:12:7: 
Error: The non-abstract 
class 'RecordLinux' is 
missing implementations 
for these members:
At line:1 char:1
+ flutter build apk 
--debug > build_output.txt 
2>&1
+ ~~~~~~~~~~~~~~~~~~~~~~~~~
~~~~~~~~~~~~~~~~~~~~~~~~
    + CategoryInfo         
     : NotSpecified: (../  
  ../../../App... these    
 members::String) [], R    
emoteException
    + FullyQualifiedErrorI 
   d : NativeCommandError
 
 - RecordMethodChannelPlatf
ormInterface.startStream
Try to either
 - provide an 
implementation,
 - inherit an 
implementation from a 
superclass or mixin,
 - mark the class as 
abstract, or
 - provide a 
'noSuchMethod' 
implementation.
class RecordLinux extends 
RecordPlatform {
      ^^^^^^^^^^^
../../../../AppData/Local/P
ub/Cache/hosted/pub.dev/rec
ord_platform_interface-1.5.
0/lib/src/record_platform_i
nterface.dart:46:29: 
Context: 'RecordMethodChann
elPlatformInterface.startSt
ream' is defined here.
  
Future<Stream<Uint8List>> 
startStream(String 
recorderId, RecordConfig 
config);
                           
 ^^^^^^^^^^^
../../../../AppData/Local/P
ub/Cache/hosted/pub.dev/rec
ord_linux-0.7.2/lib/record_
linux.dart:36:16: Error: 
The method 'RecordLinux.has
Permission' has fewer 
named arguments than those 
of overridden method 'Recor
dMethodChannelPlatformInter
face.hasPermission'.
  Future<bool> 
hasPermission(String 
recorderId) {
               ^
../../../../AppData/Local/P
ub/Cache/hosted/pub.dev/rec
ord_platform_interface-1.5.
0/lib/src/record_platform_i
nterface.dart:74:16: 
Context: This is the 
overridden method 
('hasPermission').
  Future<bool> 
hasPermission(String 
recorderId, {bool request 
= true});
               ^
Target 
kernel_snapshot_program 
failed: Exception


FAILURE: Build failed with 
an exception.

* What went wrong:
Execution failed for task '
:app:compileFlutterBuildDeb
ug'.
> Process 'command 'C:\flut
ter\bin\flutter.bat'' 
finished with non-zero 
exit value 1

* Try:
> Run with --stacktrace 
option to get the stack 
trace.
> Run with --info or 
--debug option to get more 
log output.
> Run with --scan to get 
full insights.
> Get more help at 
https://help.gradle.org.

BUILD FAILED in 6s
Running Gradle task 'assembleDebug'...                              7.1s
Gradle task assembleDebug 
failed with exit code 1
